cmd : 'tsc' is not 
recognized as an 
internal or external 
command,
At line:1 char:1
+ cmd /c tsc --noEmit 
> errors.txt 2>&1
+ ~~~~~~~~~~~~~~~~~~~~~
~~~~~~~~~~~~~~~~
    + CategoryInfo     
         : NotSpecifi  
  ed: ('tsc' is not    
 re...ternal comman    
d,:String) [], Rem    
oteException
    + FullyQualifiedEr 
   rorId : NativeComm  
  andError
 
operable program or 
batch file.
